[Prompt] Not found: C:\Users\Hai Dang\prompts\orchestrator.md, using fallback
[Prompt] Not found: C:\Users\Hai Dang\prompts\worker-base.md, using fallback
[Prompt] Not found: C:\Users\Hai Dang\prompts\orchestrator.md, using fallback
[Prompt] Not found: C:\Users\Hai Dang\prompts\worker-base.md, using fallback
[Prompt] Not found: C:\Users\Hai Dang\prompts\orchestrator.md, using fallback
[Prompt] Not found: C:\Users\Hai Dang\prompts\worker-base.md, using fallback
[Prompt] Not found: C:\Users\Hai Dang\prompts\orchestrator.md, using fallback
[Prompt] Not found: C:\Users\Hai Dang\prompts\worker-base.md, using fallback
[Prompt] Not found: C:\Users\Hai Dang\prompts\orchestrator.md, using fallback
[Prompt] Not found: C:\Users\Hai Dang\prompts\worker-base.md, using fallback
[Prompt] Not found: C:\Users\Hai Dang\prompts\orchestrator.md, using fallback
[Prompt] Not found: C:\Users\Hai Dang\prompts\worker-base.md, using fallback
[Prompt] Not found: C:\Users\Hai Dang\prompts\orchestrator.md, using fallback
[Prompt] Not found: C:\Users\Hai Dang\prompts\worker-base.md, using fallback
[Prompt] Not found: C:\Users\Hai Dang\prompts\orchestrator.md, using fallback
[Prompt] Not found: C:\Users\Hai Dang\prompts\worker-base.md, using fallback
[Prompt] Not found: C:\Users\Hai Dang\prompts\orchestrator.md, using fallback
[Prompt] Not found: C:\Users\Hai Dang\prompts\worker-base.md, using fallback
[Prompt] Not found: C:\Users\Hai Dang\prompts\orchestrator.md, using fallback
[Prompt] Not found: C:\Users\Hai Dang\prompts\worker-base.md, using fallback
[Prompt] Not found: C:\Users\Hai Dang\prompts\roles\coder.md, using fallback
[Prompt] Not found: C:\Users\Hai Dang\prompts\roles\coder.md, using fallback
[Prompt] Not found: C:\Users\Hai Dang\prompts\roles\coder.md, using fallback
[Prompt] Not found: C:\Users\Hai Dang\prompts\orchestrator.md, using fallback
[Prompt] Not found: C:\Users\Hai Dang\prompts\worker-base.md, using fallback
[Prompt] Not found: C:\Users\Hai Dang\prompts\orchestrator.md, using fallback
[Prompt] Not found: C:\Users\Hai Dang\prompts\worker-base.md, using fallback
[Prompt] Not found: C:\Users\Hai Dang\agentforge\src\prompts\roles\coder.md, using fallback
[Prompt] Not found: C:\Users\Hai Dang\agentforge\src\prompts\roles\coder.md, using fallback
[Prompt] Not found: C:\Users\Hai Dang\agentforge\src\prompts\roles\coder.md, using fallback
[Prompt] Not found: C:\Users\Hai Dang\agentforge\src\prompts\roles\coder.md, using fallback
[Prompt] Not found: C:\Users\Hai Dang\agentforge\src\prompts\roles\docs.md, using fallback
[Prompt] Not found: C:\Users\Hai Dang\agentforge\src\prompts\roles\coder.md, using fallback
[Prompt] Not found: C:\Users\Hai Dang\agentforge\src\prompts\roles\coder.md, using fallback
[Prompt] Not found: C:\Users\Hai Dang\agentforge\src\prompts\roles\coder.md, using fallback
[Prompt] Not found: C:\Users\Hai Dang\agentforge\src\prompts\roles\coder.md, using fallback
[Prompt] Not found: C:\Users\Hai Dang\agentforge\src\prompts\roles\coder.md, using fallback
[Prompt] Not found: C:\Users\Hai Dang\agentforge\src\prompts\roles\coder.md, using fallback
[Prompt] Not found: C:\Users\Hai Dang\agentforge\src\prompts\roles\coder.md, using fallback
