
> agentforge@0.1.0 dev
> tsx watch src/server.ts

[Storage] Loaded 1 agents, restored 1 orchestrator sessions
[Storage] Loaded 67 messages
[Storage] Synchronized orchestrator agent definition

🚀 AgentForge v7: http://localhost:3001

9:48:06 AM [tsx] change in ./src\server.ts Restarting...
[Storage] Loaded 1 agents, restored 1 orchestrator sessions
[Storage] Loaded 67 messages
[Storage] Synchronized orchestrator agent definition

🚀 AgentForge v7: http://localhost:3001

9:48:35 AM [tsx] change in ./src\server.ts Restarting...
[Storage] Loaded 1 agents, restored 1 orchestrator sessions
[Storage] Loaded 67 messages
[Storage] Synchronized orchestrator agent definition

🚀 AgentForge v7: http://localhost:3001

[Orch] Spawned: checker (researcher) → agent-1787453611537-yt2
9:54:45 AM [tsx] change in ./src\agents\acp-client.ts Restarting...
[Storage] Loaded 2 agents, restored 1 orchestrator sessions
[Storage] Loaded 72 messages
[Storage] Synchronized orchestrator agent definition

🚀 AgentForge v7: http://localhost:3001

9:54:49 AM [tsx] change in ./src\agents\acp-client.ts Restarting...
[Storage] Loaded 2 agents, restored 1 orchestrator sessions
[Storage] Loaded 72 messages
[Storage] Synchronized orchestrator agent definition

🚀 AgentForge v7: http://localhost:3001

9:54:52 AM [tsx] change in ./src\agents\acp-client.ts Restarting...
[Storage] Loaded 2 agents, restored 1 orchestrator sessions
[Storage] Loaded 72 messages
[Storage] Synchronized orchestrator agent definition

🚀 AgentForge v7: http://localhost:3001

9:54:57 AM [tsx] change in ./src\server.ts Restarting...
[Storage] Loaded 2 agents, restored 1 orchestrator sessions
[Storage] Loaded 72 messages
[Storage] Synchronized orchestrator agent definition

🚀 AgentForge v7: http://localhost:3001

9:54:59 AM [tsx] change in ./src\server.ts Restarting...
[Storage] Loaded 2 agents, restored 1 orchestrator sessions
[Storage] Loaded 72 messages
[Storage] Synchronized orchestrator agent definition

🚀 AgentForge v7: http://localhost:3001

[Orch] Spawned: prompt_expert (researcher) → agent-1787453711370-1p9
[Orch] Spawned: prompt_updater (coder) → agent-1787453711372-1nt
[ACP] New session: ses_fd374cd48ffeBG7sR8g6azAhQN (agent: researcher)
[ACP] New session: ses_fd374cd4effelzt0t7dsDfMcn5 (agent: coder)
[ACP] New session: ses_fd374002dffeycBnCkWWOsFaXv (agent: researcher)
[Synthesize] Sending 3 reports to orchestrator
[Synthesize] Already triggered for batch: agent-1787453611537-yt2,agent-1787453711370-1p9,agent-1787453711372-1nt
[Synthesize] Already triggered for batch: agent-1787453611537-yt2,agent-1787453711370-1p9,agent-1787453711372-1nt
[Synthesize] Already triggered for batch: agent-1787453611537-yt2,agent-1787453711370-1p9,agent-1787453711372-1nt
10:04:18 AM [tsx] change in ./src\server.ts Restarting...
[Storage] Loaded 4 agents, restored 1 orchestrator sessions
[Storage] Loaded 131 messages
[Storage] Synchronized orchestrator agent definition

🚀 AgentForge v7: http://localhost:3001

10:05:00 AM [tsx] change in ./src\server.ts Restarting...
[Storage] Loaded 4 agents, restored 1 orchestrator sessions
[Storage] Loaded 131 messages
[Storage] Synchronized orchestrator agent definition

🚀 AgentForge v7: http://localhost:3001

10:05:13 AM [tsx] change in ./src\server.ts Restarting...
[Storage] Loaded 4 agents, restored 1 orchestrator sessions
[Storage] Loaded 131 messages
[Storage] Synchronized orchestrator agent definition

🚀 AgentForge v7: http://localhost:3001

10:05:22 AM [tsx] change in ./src\server.ts Restarting...
[Storage] Loaded 4 agents, restored 1 orchestrator sessions
[Storage] Loaded 131 messages
[Storage] Synchronized orchestrator agent definition

🚀 AgentForge v7: http://localhost:3001

10:05:53 AM [tsx] change in ./src\server.ts Restarting...
[Storage] Loaded 4 agents, restored 1 orchestrator sessions
[Storage] Loaded 131 messages
[Storage] Synchronized orchestrator agent definition

🚀 AgentForge v7: http://localhost:3001

10:06:02 AM [tsx] change in ./src\server.ts Restarting...
[Storage] Loaded 4 agents, restored 1 orchestrator sessions
[Storage] Loaded 131 messages
[Storage] Synchronized orchestrator agent definition

🚀 AgentForge v7: http://localhost:3001

10:06:11 AM [tsx] change in ./src\server.ts Restarting...
[Storage] Loaded 4 agents, restored 1 orchestrator sessions
[Storage] Loaded 131 messages
[Storage] Synchronized orchestrator agent definition

🚀 AgentForge v7: http://localhost:3001

10:06:21 AM [tsx] change in ./src\server.ts Restarting...
[Storage] Loaded 4 agents, restored 1 orchestrator sessions
[Storage] Loaded 131 messages
[Storage] Synchronized orchestrator agent definition

🚀 AgentForge v7: http://localhost:3001

10:06:35 AM [tsx] change in ./src\server.ts Restarting...
[Storage] Loaded 4 agents, restored 1 orchestrator sessions
[Storage] Loaded 131 messages
[Storage] Synchronized orchestrator agent definition

🚀 AgentForge v7: http://localhost:3001

10:06:43 AM [tsx] change in ./src\server.ts Restarting...
[Storage] Loaded 4 agents, restored 1 orchestrator sessions
[Storage] Loaded 132 messages
[Storage] Synchronized orchestrator agent definition

🚀 AgentForge v7: http://localhost:3001

10:08:57 AM [tsx] change in ./src\storage.ts Restarting...
[Storage] Loaded 4 agents, restored 1 orchestrator sessions
[Storage] Loaded 138 messages
[Storage] Synchronized orchestrator agent definition

🚀 AgentForge v7: http://localhost:3001

10:09:14 AM [tsx] change in ./src\server.ts Restarting...
[Storage] Loaded 4 agents, restored 1 orchestrator sessions
[Storage] Loaded 139 messages
[Storage] Synchronized orchestrator agent definition

🚀 AgentForge v7: http://localhost:3001

10:10:33 AM [tsx] change in ./src\server.ts Restarting...
[Storage] Loaded 4 agents, restored 1 orchestrator sessions
[Storage] Loaded 139 messages
[Storage] Synchronized orchestrator agent definition

🚀 AgentForge v7: http://localhost:3001

[Orch] Spawned: doc_writer (docs) → agent-1787454750409-mss
10:12:53 AM [tsx] change in ./src\server.ts Restarting...
[Storage] Loaded 5 agents, restored 1 orchestrator sessions
[Storage] Loaded 149 messages
[Storage] Synchronized orchestrator agent definition

🚀 AgentForge v7: http://localhost:3001

10:14:52 AM [tsx] change in ./src\server.ts Restarting...
[Storage] Loaded 5 agents, restored 1 orchestrator sessions
[Storage] Loaded 153 messages
[Storage] Synchronized orchestrator agent definition

🚀 AgentForge v7: http://localhost:3001

10:14:56 AM [tsx] change in ./src\server.ts Restarting...
[Storage] Loaded 5 agents, restored 1 orchestrator sessions
[Storage] Loaded 153 messages
[Storage] Synchronized orchestrator agent definition

🚀 AgentForge v7: http://localhost:3001

10:15:04 AM [tsx] change in ./src\server.ts Restarting...
[Storage] Loaded 5 agents, restored 1 orchestrator sessions
[Storage] Loaded 153 messages
[Storage] Synchronized orchestrator agent definition

🚀 AgentForge v7: http://localhost:3001

10:18:19 AM [tsx] change in ./src\server.ts Restarting...
[Storage] Loaded 5 agents, restored 1 orchestrator sessions
[Storage] Loaded 161 messages
[Storage] Synchronized orchestrator agent definition

🚀 AgentForge v7: http://localhost:3001

[Watchdog] Agent prompt_updater (agent-1787453711372-1nt) stuck for 188s — sending TALK to check status
10:22:40 AM [tsx] change in ./src\server.ts Restarting...
[Storage] Loaded 5 agents, restored 1 orchestrator sessions
[Storage] Loaded 166 messages
[Storage] Synchronized orchestrator agent definition

🚀 AgentForge v7: http://localhost:3001

10:22:42 AM [tsx] change in ./src\server.ts Restarting...
[Storage] Loaded 5 agents, restored 1 orchestrator sessions
[Storage] Loaded 167 messages
[Storage] Synchronized orchestrator agent definition

🚀 AgentForge v7: http://localhost:3001

10:22:44 AM [tsx] change in ./src\server.ts Restarting...
[Storage] Loaded 5 agents, restored 1 orchestrator sessions
[Storage] Loaded 167 messages
[Storage] Synchronized orchestrator agent definition

🚀 AgentForge v7: http://localhost:3001

